apt-cyg install ruby, rubygems, ruby-pkg-config(or cygwin32-libffi), libffi-devel, ruby-devel gcc4(cygwin64 gcc-g++), make
gem install bundler
bundler install // create Gemfile.lock
rvm use 1.9.3 --install --binary --fuzzy
Using /home/travis/.rvm/gems/ruby-1.9.3-p551
# install rvm
# \curl -sSL https://get.rvm.io | bash -s stable
$ ruby --version
ruby 1.9.3p551 (2014-11-13 revision 48407) [x86_64-linux]
$ rvm --version
rvm 1.26.10 (1.26.10) by Wayne E. Seguin <wayneeseguin@gmail.com>, Michal Papis <mpapis@gmail.com> [https://rvm.io/]
$ bundle --version
Bundler version 1.7.6
$ gem --version
2.6.8
$ bundle install --jobs=3 --retry=3 --deployment // deplyment need Gemfiles.lock
# Error: Bundler::GemspecError: Could not read gem at
# Solution rm -f  /home/plato.wu/bin/bitpocket/vendor/bundle/ruby/2.3.0/cache/ffi-1.9.18.gem; gem install ffi -v '1.9.18'
$ bundle exec rake
# ~/bin/bundle exec rspec spec/sync_spec.rb  is ok for run only one file
/home/travis/.rvm/rubies/ruby-1.9.3-p551/bin/ruby -S rspec ./spec/sync_spec.rb ./spec/excludes_spec.rb ./spec/locking_spec.rb --colour
...................
Finished in 6.16 seconds
19 examples, 0 failures
The command "bundle exec rake" exited with 0.
Error: bundle only supports platforms
Solution: bundle install --no-deployment
# Plato Wu,2017/05/03:
if ppt is opened(windows), if will be delete and pull version from server(linux), but modify ppt is OK for sync
@todo use --inplace to reduce transfer size
@todo fix shadow copy like outlook file
@todo https://github.com/sickill/bitpocket/commit/33b61a8
foo should => expect(xxx).to
foo should not => expect(xxx).not_to
cp: failed to preserve ownership for
